
picasso@picasso-VB:/media/genl/nl80211/GET_WIPHY$
picasso@picasso-VB:/media/genl/nl80211/GET_WIPHY$
picasso@picasso-VB:/media/genl/nl80211/GET_WIPHY$
picasso@picasso-VB:/media/genl/nl80211/GET_WIPHY$sudo tcpdump -i nlmon0 -w GET_WIPHY.PCAPNG & 
[1] 1575
picasso@picasso-VB:/media/genl/nl80211/GET_WIPHY$tcpdump: listening on nlmon0, link-type NETLINK (Linux netlink), capture size 262144 bytes

picasso@picasso-VB:/media/genl/nl80211/GET_WIPHY$
picasso@picasso-VB:/media/genl/nl80211/GET_WIPHY$sudo ./main && sleep 3;
Generic Family ID: nl80211 (0x0022) 
  Length  : 2764
  Flags   : 0x0002
    Request          : 0 
    Multipart Message: 1 
    Ack:             : 0 
    Echo:            : 0 
    Dump Inconsistent: 0 
    Dump Filtered    : 0 
  Sequence: 1779587173
  Port ID : 3347056179
  Command : NL80211_CMD_NEW_WIPHY (3)
  Version : 1
  Reserved: 0
NL80211_ATTR_WIPHY (1): 0x00000002 (2)
NL80211_ATTR_WIPHY_NAME (2): phy2
NL80211_ATTR_GENERATION (46): 0x00000003 (3)
NL80211_ATTR_WIPHY_RETRY_SHORT (61): 0x00000007 (7)
NL80211_ATTR_WIPHY_RETRY_LONG (62): 0x00000004 (4)
NL80211_ATTR_WIPHY_FRAG_THRESHOLD (63): 0xFFFFFFFF (4294967295)
NL80211_ATTR_WIPHY_RTS_THRESHOLD (64): 0xFFFFFFFF (4294967295)
NL80211_ATTR_WIPHY_COVERAGE_CLASS (89): 0x00000000 (0)
NL80211_ATTR_MAX_NUM_SCAN_SSIDS (43): 0x00000004 (4)
NL80211_ATTR_MAX_NUM_SCHED_SCAN_SSIDS (123): 0x00000000 (0)
NL80211_ATTR_MAX_SCAN_IE_LEN (56): 0x0000088A (2186)
NL80211_ATTR_MAX_SCHED_SCAN_IE_LEN (124): 0x00000000 (0)
NL80211_ATTR_MAX_MATCH_SETS (133): 0x00000000 (0)
NL80211_ATTR_SUPPORT_IBSS_RSN (104): Present
NL80211_ATTR_SUPPORT_MESH_AUTH (115): Present
NL80211_ATTR_SUPPORT_AP_UAPSD (130): Present
NL80211_ATTR_TDLS_SUPPORT (139): Present
NL80211_ATTR_TDLS_EXTERNAL_SETUP (140): Present
NL80211_ATTR_CONTROL_PORT_ETHERTYPE (102): Present
NL80211_ATTR_OFFCHANNEL_TX_OK (108): Present
NL80211_ATTR_MAX_NUM_PMKIDS (86): 0x00000000 (0)
NL80211_ATTR_WIPHY_ANTENNA_AVAIL_TX (113): 0x00000000 (0)
NL80211_ATTR_WIPHY_ANTENNA_AVAIL_RX (114): 0x00000000 (0)
NL80211_ATTR_MAX_REMAIN_ON_CHANNEL_DURATION (111): 0x00001388 (5000 ms)
NL80211_ATTR_FEATURE_FLAGS (143): 0x2B0783E3 (721912803)
NL80211_ATTR_CIPHER_SUITES (57): Len=44
NL80211_ATTR_HT_CAPABILITY_MASK (148): Len=26
NL80211_ATTR_SOFTWARE_IFTYPES (121):
  NL80211_IFTYPE_AP_VLAN (4)
  NL80211_IFTYPE_MONITOR (6)
NL80211_ATTR_SUPPORTED_COMMANDS (50):
  CMDs[1] = NL80211_CMD_NEW_INTERFACE (7)
  CMDs[2] = NL80211_CMD_SET_INTERFACE (6)
  CMDs[3] = NL80211_CMD_NEW_KEY (11)
  CMDs[4] = NL80211_CMD_START_AP (15)
  CMDs[5] = NL80211_CMD_NEW_STATION (19)
  CMDs[6] = NL80211_CMD_NEW_MPATH (23)
  CMDs[7] = NL80211_CMD_SET_MESH_CONFIG (29)
  CMDs[8] = NL80211_CMD_SET_BSS (25)
  CMDs[9] = NL80211_CMD_AUTHENTICATE (37)
  CMDs[10] = NL80211_CMD_ASSOCIATE (38)
  CMDs[11] = NL80211_CMD_DEAUTHENTICATE (39)
  CMDs[12] = NL80211_CMD_DISASSOCIATE (40)
  CMDs[13] = NL80211_CMD_JOIN_IBSS (43)
  CMDs[14] = NL80211_CMD_JOIN_MESH (68)
  CMDs[15] = NL80211_CMD_REMAIN_ON_CHANNEL (55)
  CMDs[16] = NL80211_CMD_SET_TX_BITRATE_MASK (57)
  CMDs[17] = NL80211_CMD_FRAME / NL80211_CMD_ACTION (59)
  CMDs[18] = NL80211_CMD_FRAME_WAIT_CANCEL (67)
  CMDs[19] = NL80211_CMD_SET_WIPHY_NETNS (49)
  CMDs[20] = NL80211_CMD_SET_CHANNEL (65)
  CMDs[21] = NL80211_CMD_TDLS_MGMT (82)
  CMDs[22] = NL80211_CMD_TDLS_OPER (81)
  CMDs[23] = NL80211_CMD_PROBE_CLIENT (84)
  CMDs[24] = NL80211_CMD_SET_NOACK_MAP (87)
  CMDs[25] = NL80211_CMD_REGISTER_BEACONS (85)
  CMDs[26] = NL80211_CMD_START_P2P_DEVICE (89)
  CMDs[27] = NL80211_CMD_SET_MCAST_RATE (92)
  CMDs[28] = NL80211_CMD_CONNECT (46)
  CMDs[29] = NL80211_CMD_DISCONNECT (48)
NL80211_ATTR_SUPPORTED_IFTYPES (32):
  NL80211_IFTYPE_ADHOC (1)
  NL80211_IFTYPE_STATION (2)
  NL80211_IFTYPE_AP (3)
  NL80211_IFTYPE_AP_VLAN (4)
  NL80211_IFTYPE_MONITOR (6)
  NL80211_IFTYPE_MESH_POINT (7)
  NL80211_IFTYPE_P2P_CLIENT (8)
  NL80211_IFTYPE_P2P_GO (9)
  NL80211_IFTYPE_P2P_DEVICE (10)
  NL80211_IFTYPE_OCB (11)
NL80211_ATTR_INTERFACE_COMBINATIONS (120):
  Combination[1]: len = 96
  NL80211_IFACE_COMB_LIMITS (1): len = 76
    Limit[1]:
      NL80211_IFACE_LIMIT_MAX (1): 1
      NL80211_IFACE_LIMIT_TYPES (2):
        NL80211_IFTYPE_ADHOC (1)
    Limit[2]:
      NL80211_IFACE_LIMIT_MAX (1): 2048
      NL80211_IFACE_LIMIT_TYPES (2):
        NL80211_IFTYPE_STATION (2)
        NL80211_IFTYPE_AP (3)
        NL80211_IFTYPE_MESH_POINT (7)
        NL80211_IFTYPE_P2P_CLIENT (8)
        NL80211_IFTYPE_P2P_GO (9)
    Limit[3]:
      NL80211_IFACE_LIMIT_MAX (1): 1
      NL80211_IFACE_LIMIT_TYPES (2):
        NL80211_IFTYPE_P2P_DEVICE (10)
  NL80211_IFACE_COMB_MAXNUM (2): 2050
  NL80211_IFACE_COMB_NUM_CHANNELS (4): 1
NL80211_ATTR_WIPHY_BANDS (22):
  Band[0]: len = 636
    NL80211_BAND_ATTR_FREQS (1): len = 428
      Freq[0]: len = 24
        NL80211_FREQUENCY_ATTR_FREQ (1): 2412 MHz
        NL80211_FREQUENCY_ATTR_MAX_TX_POWER (6): 30.00 dBm (3000 mBm)
      Freq[1]: len = 24
        NL80211_FREQUENCY_ATTR_FREQ (1): 2417 MHz
        NL80211_FREQUENCY_ATTR_MAX_TX_POWER (6): 30.00 dBm (3000 mBm)
      Freq[2]: len = 24
        NL80211_FREQUENCY_ATTR_FREQ (1): 2422 MHz
        NL80211_FREQUENCY_ATTR_MAX_TX_POWER (6): 30.00 dBm (3000 mBm)
      Freq[3]: len = 24
        NL80211_FREQUENCY_ATTR_FREQ (1): 2427 MHz
        NL80211_FREQUENCY_ATTR_MAX_TX_POWER (6): 30.00 dBm (3000 mBm)
      Freq[4]: len = 24
        NL80211_FREQUENCY_ATTR_FREQ (1): 2432 MHz
        NL80211_FREQUENCY_ATTR_MAX_TX_POWER (6): 30.00 dBm (3000 mBm)
      Freq[5]: len = 24
        NL80211_FREQUENCY_ATTR_FREQ (1): 2437 MHz
        NL80211_FREQUENCY_ATTR_MAX_TX_POWER (6): 30.00 dBm (3000 mBm)
      Freq[6]: len = 24
        NL80211_FREQUENCY_ATTR_FREQ (1): 2442 MHz
        NL80211_FREQUENCY_ATTR_MAX_TX_POWER (6): 30.00 dBm (3000 mBm)
      Freq[7]: len = 24
        NL80211_FREQUENCY_ATTR_FREQ (1): 2447 MHz
        NL80211_FREQUENCY_ATTR_MAX_TX_POWER (6): 30.00 dBm (3000 mBm)
      Freq[8]: len = 24
        NL80211_FREQUENCY_ATTR_FREQ (1): 2452 MHz
        NL80211_FREQUENCY_ATTR_MAX_TX_POWER (6): 30.00 dBm (3000 mBm)
      Freq[9]: len = 24
        NL80211_FREQUENCY_ATTR_FREQ (1): 2457 MHz
        NL80211_FREQUENCY_ATTR_MAX_TX_POWER (6): 30.00 dBm (3000 mBm)
      Freq[10]: len = 24
        NL80211_FREQUENCY_ATTR_FREQ (1): 2462 MHz
        NL80211_FREQUENCY_ATTR_MAX_TX_POWER (6): 30.00 dBm (3000 mBm)
      Freq[11]: len = 36
        NL80211_FREQUENCY_ATTR_FREQ (1): 2467 MHz
        NL80211_FREQUENCY_ATTR_DISABLED (2): Present
        NL80211_FREQUENCY_ATTR_NO_IR (3): Present
        __NL80211_FREQUENCY_ATTR_NO_IBSS (4): Present
        NL80211_FREQUENCY_ATTR_MAX_TX_POWER (6): 20.00 dBm (2000 mBm)
      Freq[12]: len = 36
        NL80211_FREQUENCY_ATTR_FREQ (1): 2472 MHz
        NL80211_FREQUENCY_ATTR_DISABLED (2): Present
        NL80211_FREQUENCY_ATTR_NO_IR (3): Present
        __NL80211_FREQUENCY_ATTR_NO_IBSS (4): Present
        NL80211_FREQUENCY_ATTR_MAX_TX_POWER (6): 20.00 dBm (2000 mBm)
      Freq[13]: len = 36
        NL80211_FREQUENCY_ATTR_FREQ (1): 2484 MHz
        NL80211_FREQUENCY_ATTR_DISABLED (2): Present
        NL80211_FREQUENCY_ATTR_NO_IR (3): Present
        __NL80211_FREQUENCY_ATTR_NO_IBSS (4): Present
        NL80211_FREQUENCY_ATTR_MAX_TX_POWER (6): 20.00 dBm (2000 mBm)
    NL80211_BAND_ATTR_RATES (2): len = 156
      Rate[0]:
        NL80211_BITRATE_ATTR_RATE (1): 1.0 Mbps
      Rate[1]:
        NL80211_BITRATE_ATTR_RATE (1): 2.0 Mbps
        NL80211_BITRATE_ATTR_2GHZ_SHORTPREAMBLE (2): Present
      Rate[2]:
        NL80211_BITRATE_ATTR_RATE (1): 5.5 Mbps
        NL80211_BITRATE_ATTR_2GHZ_SHORTPREAMBLE (2): Present
      Rate[3]:
        NL80211_BITRATE_ATTR_RATE (1): 11.0 Mbps
        NL80211_BITRATE_ATTR_2GHZ_SHORTPREAMBLE (2): Present
      Rate[4]:
        NL80211_BITRATE_ATTR_RATE (1): 6.0 Mbps
      Rate[5]:
        NL80211_BITRATE_ATTR_RATE (1): 9.0 Mbps
      Rate[6]:
        NL80211_BITRATE_ATTR_RATE (1): 12.0 Mbps
      Rate[7]:
        NL80211_BITRATE_ATTR_RATE (1): 18.0 Mbps
      Rate[8]:
        NL80211_BITRATE_ATTR_RATE (1): 24.0 Mbps
      Rate[9]:
        NL80211_BITRATE_ATTR_RATE (1): 36.0 Mbps
      Rate[10]:
        NL80211_BITRATE_ATTR_RATE (1): 48.0 Mbps
      Rate[11]:
        NL80211_BITRATE_ATTR_RATE (1): 54.0 Mbps
    NL80211_BAND_ATTR_HT_MCS_SET (3): 0xFF0xFF0x000x000x000x000x000x000x000x000x000x000x010x000x000x00
    NL80211_BAND_ATTR_HT_CAPA (4): 0x0000107E
    NL80211_BAND_ATTR_HT_AMPDU_FACTOR (5): 3
    NL80211_BAND_ATTR_HT_AMPDU_DENSITY (6): 6
  Band[1]: len = 1444
    NL80211_BAND_ATTR_FREQS (1): len = 1276
      Freq[0]: len = 24
        NL80211_FREQUENCY_ATTR_FREQ (1): 5180 MHz
        NL80211_FREQUENCY_ATTR_MAX_TX_POWER (6): 23.00 dBm (2300 mBm)
      Freq[1]: len = 24
        NL80211_FREQUENCY_ATTR_FREQ (1): 5200 MHz
        NL80211_FREQUENCY_ATTR_MAX_TX_POWER (6): 23.00 dBm (2300 mBm)
      Freq[2]: len = 24
        NL80211_FREQUENCY_ATTR_FREQ (1): 5220 MHz
        NL80211_FREQUENCY_ATTR_MAX_TX_POWER (6): 23.00 dBm (2300 mBm)
      Freq[3]: len = 24
        NL80211_FREQUENCY_ATTR_FREQ (1): 5240 MHz
        NL80211_FREQUENCY_ATTR_MAX_TX_POWER (6): 23.00 dBm (2300 mBm)
      Freq[4]: len = 28
        NL80211_FREQUENCY_ATTR_FREQ (1): 5260 MHz
        NL80211_FREQUENCY_ATTR_RADAR (5): Present
        NL80211_FREQUENCY_ATTR_MAX_TX_POWER (6): 24.00 dBm (2400 mBm)
      Freq[5]: len = 28
        NL80211_FREQUENCY_ATTR_FREQ (1): 5280 MHz
        NL80211_FREQUENCY_ATTR_RADAR (5): Present
        NL80211_FREQUENCY_ATTR_MAX_TX_POWER (6): 24.00 dBm (2400 mBm)
      Freq[6]: len = 28
        NL80211_FREQUENCY_ATTR_FREQ (1): 5300 MHz
        NL80211_FREQUENCY_ATTR_RADAR (5): Present
        NL80211_FREQUENCY_ATTR_MAX_TX_POWER (6): 24.00 dBm (2400 mBm)
      Freq[7]: len = 28
        NL80211_FREQUENCY_ATTR_FREQ (1): 5320 MHz
        NL80211_FREQUENCY_ATTR_RADAR (5): Present
        NL80211_FREQUENCY_ATTR_MAX_TX_POWER (6): 24.00 dBm (2400 mBm)
      Freq[8]: len = 28
        NL80211_FREQUENCY_ATTR_FREQ (1): 5500 MHz
        NL80211_FREQUENCY_ATTR_RADAR (5): Present
        NL80211_FREQUENCY_ATTR_MAX_TX_POWER (6): 24.00 dBm (2400 mBm)
      Freq[9]: len = 28
        NL80211_FREQUENCY_ATTR_FREQ (1): 5520 MHz
        NL80211_FREQUENCY_ATTR_RADAR (5): Present
        NL80211_FREQUENCY_ATTR_MAX_TX_POWER (6): 24.00 dBm (2400 mBm)
      Freq[10]: len = 28
        NL80211_FREQUENCY_ATTR_FREQ (1): 5540 MHz
        NL80211_FREQUENCY_ATTR_RADAR (5): Present
        NL80211_FREQUENCY_ATTR_MAX_TX_POWER (6): 24.00 dBm (2400 mBm)
      Freq[11]: len = 28
        NL80211_FREQUENCY_ATTR_FREQ (1): 5560 MHz
        NL80211_FREQUENCY_ATTR_RADAR (5): Present
        NL80211_FREQUENCY_ATTR_MAX_TX_POWER (6): 24.00 dBm (2400 mBm)
      Freq[12]: len = 28
        NL80211_FREQUENCY_ATTR_FREQ (1): 5580 MHz
        NL80211_FREQUENCY_ATTR_RADAR (5): Present
        NL80211_FREQUENCY_ATTR_MAX_TX_POWER (6): 24.00 dBm (2400 mBm)
      Freq[13]: len = 28
        NL80211_FREQUENCY_ATTR_FREQ (1): 5600 MHz
        NL80211_FREQUENCY_ATTR_RADAR (5): Present
        NL80211_FREQUENCY_ATTR_MAX_TX_POWER (6): 24.00 dBm (2400 mBm)
      Freq[14]: len = 28
        NL80211_FREQUENCY_ATTR_FREQ (1): 5620 MHz
        NL80211_FREQUENCY_ATTR_RADAR (5): Present
        NL80211_FREQUENCY_ATTR_MAX_TX_POWER (6): 24.00 dBm (2400 mBm)
      Freq[15]: len = 28
        NL80211_FREQUENCY_ATTR_FREQ (1): 5640 MHz
        NL80211_FREQUENCY_ATTR_RADAR (5): Present
        NL80211_FREQUENCY_ATTR_MAX_TX_POWER (6): 24.00 dBm (2400 mBm)
      Freq[16]: len = 28
        NL80211_FREQUENCY_ATTR_FREQ (1): 5660 MHz
        NL80211_FREQUENCY_ATTR_RADAR (5): Present
        NL80211_FREQUENCY_ATTR_MAX_TX_POWER (6): 24.00 dBm (2400 mBm)
      Freq[17]: len = 28
        NL80211_FREQUENCY_ATTR_FREQ (1): 5680 MHz
        NL80211_FREQUENCY_ATTR_RADAR (5): Present
        NL80211_FREQUENCY_ATTR_MAX_TX_POWER (6): 24.00 dBm (2400 mBm)
      Freq[18]: len = 28
        NL80211_FREQUENCY_ATTR_FREQ (1): 5700 MHz
        NL80211_FREQUENCY_ATTR_RADAR (5): Present
        NL80211_FREQUENCY_ATTR_MAX_TX_POWER (6): 24.00 dBm (2400 mBm)
      Freq[19]: len = 24
        NL80211_FREQUENCY_ATTR_FREQ (1): 5745 MHz
        NL80211_FREQUENCY_ATTR_MAX_TX_POWER (6): 30.00 dBm (3000 mBm)
      Freq[20]: len = 24
        NL80211_FREQUENCY_ATTR_FREQ (1): 5765 MHz
        NL80211_FREQUENCY_ATTR_MAX_TX_POWER (6): 30.00 dBm (3000 mBm)
      Freq[21]: len = 24
        NL80211_FREQUENCY_ATTR_FREQ (1): 5785 MHz
        NL80211_FREQUENCY_ATTR_MAX_TX_POWER (6): 30.00 dBm (3000 mBm)
      Freq[22]: len = 24
        NL80211_FREQUENCY_ATTR_FREQ (1): 5805 MHz
        NL80211_FREQUENCY_ATTR_MAX_TX_POWER (6): 30.00 dBm (3000 mBm)
      Freq[23]: len = 24
        NL80211_FREQUENCY_ATTR_FREQ (1): 5825 MHz
        NL80211_FREQUENCY_ATTR_MAX_TX_POWER (6): 30.00 dBm (3000 mBm)
      Freq[24]: len = 32
        NL80211_FREQUENCY_ATTR_FREQ (1): 5845 MHz
        NL80211_FREQUENCY_ATTR_NO_IR (3): Present
        __NL80211_FREQUENCY_ATTR_NO_IBSS (4): Present
        NL80211_FREQUENCY_ATTR_MAX_TX_POWER (6): 27.00 dBm (2700 mBm)
      Freq[25]: len = 32
        NL80211_FREQUENCY_ATTR_FREQ (1): 5855 MHz
        NL80211_FREQUENCY_ATTR_NO_IR (3): Present
        __NL80211_FREQUENCY_ATTR_NO_IBSS (4): Present
        NL80211_FREQUENCY_ATTR_MAX_TX_POWER (6): 27.00 dBm (2700 mBm)
      Freq[26]: len = 32
        NL80211_FREQUENCY_ATTR_FREQ (1): 5860 MHz
        NL80211_FREQUENCY_ATTR_NO_IR (3): Present
        __NL80211_FREQUENCY_ATTR_NO_IBSS (4): Present
        NL80211_FREQUENCY_ATTR_MAX_TX_POWER (6): 27.00 dBm (2700 mBm)
      Freq[27]: len = 32
        NL80211_FREQUENCY_ATTR_FREQ (1): 5865 MHz
        NL80211_FREQUENCY_ATTR_NO_IR (3): Present
        __NL80211_FREQUENCY_ATTR_NO_IBSS (4): Present
        NL80211_FREQUENCY_ATTR_MAX_TX_POWER (6): 27.00 dBm (2700 mBm)
      Freq[28]: len = 32
        NL80211_FREQUENCY_ATTR_FREQ (1): 5870 MHz
        NL80211_FREQUENCY_ATTR_NO_IR (3): Present
        __NL80211_FREQUENCY_ATTR_NO_IBSS (4): Present
        NL80211_FREQUENCY_ATTR_MAX_TX_POWER (6): 27.00 dBm (2700 mBm)
      Freq[29]: len = 32
        NL80211_FREQUENCY_ATTR_FREQ (1): 5875 MHz
        NL80211_FREQUENCY_ATTR_NO_IR (3): Present
        __NL80211_FREQUENCY_ATTR_NO_IBSS (4): Present
        NL80211_FREQUENCY_ATTR_MAX_TX_POWER (6): 27.00 dBm (2700 mBm)
      Freq[30]: len = 32
        NL80211_FREQUENCY_ATTR_FREQ (1): 5880 MHz
        NL80211_FREQUENCY_ATTR_NO_IR (3): Present
        __NL80211_FREQUENCY_ATTR_NO_IBSS (4): Present
        NL80211_FREQUENCY_ATTR_MAX_TX_POWER (6): 27.00 dBm (2700 mBm)
      Freq[31]: len = 32
        NL80211_FREQUENCY_ATTR_FREQ (1): 5885 MHz
        NL80211_FREQUENCY_ATTR_NO_IR (3): Present
        __NL80211_FREQUENCY_ATTR_NO_IBSS (4): Present
        NL80211_FREQUENCY_ATTR_MAX_TX_POWER (6): 27.00 dBm (2700 mBm)
      Freq[32]: len = 28
        NL80211_FREQUENCY_ATTR_FREQ (1): 5890 MHz
        NL80211_FREQUENCY_ATTR_DISABLED (2): Present
        NL80211_FREQUENCY_ATTR_MAX_TX_POWER (6): 0.00 dBm (0 mBm)
      Freq[33]: len = 28
        NL80211_FREQUENCY_ATTR_FREQ (1): 5895 MHz
        NL80211_FREQUENCY_ATTR_DISABLED (2): Present
        NL80211_FREQUENCY_ATTR_MAX_TX_POWER (6): 0.00 dBm (0 mBm)
      Freq[34]: len = 28
        NL80211_FREQUENCY_ATTR_FREQ (1): 5900 MHz
        NL80211_FREQUENCY_ATTR_DISABLED (2): Present
        NL80211_FREQUENCY_ATTR_MAX_TX_POWER (6): 0.00 dBm (0 mBm)
      Freq[35]: len = 28
        NL80211_FREQUENCY_ATTR_FREQ (1): 5905 MHz
        NL80211_FREQUENCY_ATTR_DISABLED (2): Present
        NL80211_FREQUENCY_ATTR_MAX_TX_POWER (6): 0.00 dBm (0 mBm)
      Freq[36]: len = 28
        NL80211_FREQUENCY_ATTR_FREQ (1): 5910 MHz
        NL80211_FREQUENCY_ATTR_DISABLED (2): Present
        NL80211_FREQUENCY_ATTR_MAX_TX_POWER (6): 0.00 dBm (0 mBm)
      Freq[37]: len = 28
        NL80211_FREQUENCY_ATTR_FREQ (1): 5915 MHz
        NL80211_FREQUENCY_ATTR_DISABLED (2): Present
        NL80211_FREQUENCY_ATTR_MAX_TX_POWER (6): 0.00 dBm (0 mBm)
      Freq[38]: len = 28
        NL80211_FREQUENCY_ATTR_FREQ (1): 5920 MHz
        NL80211_FREQUENCY_ATTR_DISABLED (2): Present
        NL80211_FREQUENCY_ATTR_MAX_TX_POWER (6): 0.00 dBm (0 mBm)
      Freq[39]: len = 28
        NL80211_FREQUENCY_ATTR_FREQ (1): 5925 MHz
        NL80211_FREQUENCY_ATTR_DISABLED (2): Present
        NL80211_FREQUENCY_ATTR_MAX_TX_POWER (6): 0.00 dBm (0 mBm)
    NL80211_BAND_ATTR_RATES (2): len = 96
      Rate[0]:
        NL80211_BITRATE_ATTR_RATE (1): 6.0 Mbps
      Rate[1]:
        NL80211_BITRATE_ATTR_RATE (1): 9.0 Mbps
      Rate[2]:
        NL80211_BITRATE_ATTR_RATE (1): 12.0 Mbps
      Rate[3]:
        NL80211_BITRATE_ATTR_RATE (1): 18.0 Mbps
      Rate[4]:
        NL80211_BITRATE_ATTR_RATE (1): 24.0 Mbps
      Rate[5]:
        NL80211_BITRATE_ATTR_RATE (1): 36.0 Mbps
      Rate[6]:
        NL80211_BITRATE_ATTR_RATE (1): 48.0 Mbps
      Rate[7]:
        NL80211_BITRATE_ATTR_RATE (1): 54.0 Mbps
    NL80211_BAND_ATTR_HT_MCS_SET (3): 0xFF0xFF0x000x000x000x000x000x000x000x000x000x000x010x000x000x00
    NL80211_BAND_ATTR_HT_CAPA (4): 0x0000107E
    NL80211_BAND_ATTR_HT_AMPDU_FACTOR (5): 3
    NL80211_BAND_ATTR_HT_AMPDU_DENSITY (6): 6
    NL80211_BAND_ATTR_VHT_MCS_SET (7): 0xAA0xAA0x000x000xAA0xAA0x000x00
    NL80211_BAND_ATTR_VHT_CAPA (8): 0x038004FA

Generic Family ID: nl80211 (0x0022) 
  Length  : 676
  Flags   : 0x0002
    Request          : 0 
    Multipart Message: 1 
    Ack:             : 0 
    Echo:            : 0 
    Dump Inconsistent: 0 
    Dump Filtered    : 0 
  Sequence: 1779587173
  Port ID : 3347056179
  Command : NL80211_CMD_NEW_WIPHY (3)
  Version : 1
  Reserved: 0
NL80211_ATTR_WIPHY (1): 0x00000001 (1)
NL80211_ATTR_WIPHY_NAME (2): phy1
NL80211_ATTR_GENERATION (46): 0x00000003 (3)
NL80211_ATTR_WIPHY_RETRY_SHORT (61): 0x00000007 (7)
NL80211_ATTR_WIPHY_RETRY_LONG (62): 0x00000004 (4)
NL80211_ATTR_WIPHY_FRAG_THRESHOLD (63): 0xFFFFFFFF (4294967295)
NL80211_ATTR_WIPHY_RTS_THRESHOLD (64): 0xFFFFFFFF (4294967295)
NL80211_ATTR_WIPHY_COVERAGE_CLASS (89): 0x00000000 (0)
NL80211_ATTR_MAX_NUM_SCAN_SSIDS (43): 0x00000004 (4)
NL80211_ATTR_MAX_NUM_SCHED_SCAN_SSIDS (123): 0x00000000 (0)
NL80211_ATTR_MAX_SCAN_IE_LEN (56): 0x0000088A (2186)
NL80211_ATTR_MAX_SCHED_SCAN_IE_LEN (124): 0x00000000 (0)
NL80211_ATTR_MAX_MATCH_SETS (133): 0x00000000 (0)
NL80211_ATTR_SUPPORT_IBSS_RSN (104): Present
NL80211_ATTR_SUPPORT_MESH_AUTH (115): Present
NL80211_ATTR_SUPPORT_AP_UAPSD (130): Present
NL80211_ATTR_TDLS_SUPPORT (139): Present
NL80211_ATTR_TDLS_EXTERNAL_SETUP (140): Present
NL80211_ATTR_CONTROL_PORT_ETHERTYPE (102): Present
NL80211_ATTR_OFFCHANNEL_TX_OK (108): Present
NL80211_ATTR_MAX_NUM_PMKIDS (86): 0x00000000 (0)
NL80211_ATTR_WIPHY_ANTENNA_AVAIL_TX (113): 0x00000000 (0)
NL80211_ATTR_WIPHY_ANTENNA_AVAIL_RX (114): 0x00000000 (0)
NL80211_ATTR_MAX_REMAIN_ON_CHANNEL_DURATION (111): 0x00001388 (5000 ms)
NL80211_ATTR_FEATURE_FLAGS (143): 0x2B0783E3 (721912803)
NL80211_ATTR_CIPHER_SUITES (57): Len=44
NL80211_ATTR_HT_CAPABILITY_MASK (148): Len=26
NL80211_ATTR_SOFTWARE_IFTYPES (121):
  NL80211_IFTYPE_AP_VLAN (4)
  NL80211_IFTYPE_MONITOR (6)
NL80211_ATTR_SUPPORTED_COMMANDS (50):
  CMDs[1] = NL80211_CMD_NEW_INTERFACE (7)
  CMDs[2] = NL80211_CMD_SET_INTERFACE (6)
  CMDs[3] = NL80211_CMD_NEW_KEY (11)
  CMDs[4] = NL80211_CMD_START_AP (15)
  CMDs[5] = NL80211_CMD_NEW_STATION (19)
  CMDs[6] = NL80211_CMD_NEW_MPATH (23)
  CMDs[7] = NL80211_CMD_SET_MESH_CONFIG (29)
  CMDs[8] = NL80211_CMD_SET_BSS (25)
  CMDs[9] = NL80211_CMD_AUTHENTICATE (37)
  CMDs[10] = NL80211_CMD_ASSOCIATE (38)
  CMDs[11] = NL80211_CMD_DEAUTHENTICATE (39)
  CMDs[12] = NL80211_CMD_DISASSOCIATE (40)
  CMDs[13] = NL80211_CMD_JOIN_IBSS (43)
  CMDs[14] = NL80211_CMD_JOIN_MESH (68)
  CMDs[15] = NL80211_CMD_REMAIN_ON_CHANNEL (55)
  CMDs[16] = NL80211_CMD_SET_TX_BITRATE_MASK (57)
  CMDs[17] = NL80211_CMD_FRAME / NL80211_CMD_ACTION (59)
  CMDs[18] = NL80211_CMD_FRAME_WAIT_CANCEL (67)
  CMDs[19] = NL80211_CMD_SET_WIPHY_NETNS (49)
  CMDs[20] = NL80211_CMD_SET_CHANNEL (65)
  CMDs[21] = NL80211_CMD_TDLS_MGMT (82)
  CMDs[22] = NL80211_CMD_TDLS_OPER (81)
  CMDs[23] = NL80211_CMD_PROBE_CLIENT (84)
  CMDs[24] = NL80211_CMD_SET_NOACK_MAP (87)
  CMDs[25] = NL80211_CMD_REGISTER_BEACONS (85)
  CMDs[26] = NL80211_CMD_START_P2P_DEVICE (89)
  CMDs[27] = NL80211_CMD_SET_MCAST_RATE (92)
  CMDs[28] = NL80211_CMD_CONNECT (46)
  CMDs[29] = NL80211_CMD_DISCONNECT (48)
NL80211_ATTR_SUPPORTED_IFTYPES (32):
  NL80211_IFTYPE_ADHOC (1)
  NL80211_IFTYPE_STATION (2)
  NL80211_IFTYPE_AP (3)
  NL80211_IFTYPE_AP_VLAN (4)
  NL80211_IFTYPE_MONITOR (6)
  NL80211_IFTYPE_MESH_POINT (7)
  NL80211_IFTYPE_P2P_CLIENT (8)
  NL80211_IFTYPE_P2P_GO (9)
  NL80211_IFTYPE_P2P_DEVICE (10)
  NL80211_IFTYPE_OCB (11)
NL80211_ATTR_INTERFACE_COMBINATIONS (120):
  Combination[1]: len = 96
  NL80211_IFACE_COMB_LIMITS (1): len = 76
    Limit[1]:
      NL80211_IFACE_LIMIT_MAX (1): 1
      NL80211_IFACE_LIMIT_TYPES (2):
        NL80211_IFTYPE_ADHOC (1)
    Limit[2]:
      NL80211_IFACE_LIMIT_MAX (1): 2048
      NL80211_IFACE_LIMIT_TYPES (2):
        NL80211_IFTYPE_STATION (2)
        NL80211_IFTYPE_AP (3)
        NL80211_IFTYPE_MESH_POINT (7)
        NL80211_IFTYPE_P2P_CLIENT (8)
        NL80211_IFTYPE_P2P_GO (9)
    Limit[3]:
      NL80211_IFACE_LIMIT_MAX (1): 1
      NL80211_IFACE_LIMIT_TYPES (2):
        NL80211_IFTYPE_P2P_DEVICE (10)
  NL80211_IFACE_COMB_MAXNUM (2): 2050
  NL80211_IFACE_COMB_NUM_CHANNELS (4): 1
NL80211_ATTR_WIPHY_BANDS (22):

Generic Family ID: nl80211 (0x0022) 
  Length  : 676
  Flags   : 0x0002
    Request          : 0 
    Multipart Message: 1 
    Ack:             : 0 
    Echo:            : 0 
    Dump Inconsistent: 0 
    Dump Filtered    : 0 
  Sequence: 1779587173
  Port ID : 3347056179
  Command : NL80211_CMD_NEW_WIPHY (3)
  Version : 1
  Reserved: 0
NL80211_ATTR_WIPHY (1): 0x00000000 (0)
NL80211_ATTR_WIPHY_NAME (2): phy0
NL80211_ATTR_GENERATION (46): 0x00000003 (3)
NL80211_ATTR_WIPHY_RETRY_SHORT (61): 0x00000007 (7)
NL80211_ATTR_WIPHY_RETRY_LONG (62): 0x00000004 (4)
NL80211_ATTR_WIPHY_FRAG_THRESHOLD (63): 0xFFFFFFFF (4294967295)
NL80211_ATTR_WIPHY_RTS_THRESHOLD (64): 0xFFFFFFFF (4294967295)
NL80211_ATTR_WIPHY_COVERAGE_CLASS (89): 0x00000000 (0)
NL80211_ATTR_MAX_NUM_SCAN_SSIDS (43): 0x00000004 (4)
NL80211_ATTR_MAX_NUM_SCHED_SCAN_SSIDS (123): 0x00000000 (0)
NL80211_ATTR_MAX_SCAN_IE_LEN (56): 0x0000088A (2186)
NL80211_ATTR_MAX_SCHED_SCAN_IE_LEN (124): 0x00000000 (0)
NL80211_ATTR_MAX_MATCH_SETS (133): 0x00000000 (0)
NL80211_ATTR_SUPPORT_IBSS_RSN (104): Present
NL80211_ATTR_SUPPORT_MESH_AUTH (115): Present
NL80211_ATTR_SUPPORT_AP_UAPSD (130): Present
NL80211_ATTR_TDLS_SUPPORT (139): Present
NL80211_ATTR_TDLS_EXTERNAL_SETUP (140): Present
NL80211_ATTR_CONTROL_PORT_ETHERTYPE (102): Present
NL80211_ATTR_OFFCHANNEL_TX_OK (108): Present
NL80211_ATTR_MAX_NUM_PMKIDS (86): 0x00000000 (0)
NL80211_ATTR_WIPHY_ANTENNA_AVAIL_TX (113): 0x00000000 (0)
NL80211_ATTR_WIPHY_ANTENNA_AVAIL_RX (114): 0x00000000 (0)
NL80211_ATTR_MAX_REMAIN_ON_CHANNEL_DURATION (111): 0x00001388 (5000 ms)
NL80211_ATTR_FEATURE_FLAGS (143): 0x2B0783E3 (721912803)
NL80211_ATTR_CIPHER_SUITES (57): Len=44
NL80211_ATTR_HT_CAPABILITY_MASK (148): Len=26
NL80211_ATTR_SOFTWARE_IFTYPES (121):
  NL80211_IFTYPE_AP_VLAN (4)
  NL80211_IFTYPE_MONITOR (6)
NL80211_ATTR_SUPPORTED_COMMANDS (50):
  CMDs[1] = NL80211_CMD_NEW_INTERFACE (7)
  CMDs[2] = NL80211_CMD_SET_INTERFACE (6)
  CMDs[3] = NL80211_CMD_NEW_KEY (11)
  CMDs[4] = NL80211_CMD_START_AP (15)
  CMDs[5] = NL80211_CMD_NEW_STATION (19)
  CMDs[6] = NL80211_CMD_NEW_MPATH (23)
  CMDs[7] = NL80211_CMD_SET_MESH_CONFIG (29)
  CMDs[8] = NL80211_CMD_SET_BSS (25)
  CMDs[9] = NL80211_CMD_AUTHENTICATE (37)
  CMDs[10] = NL80211_CMD_ASSOCIATE (38)
  CMDs[11] = NL80211_CMD_DEAUTHENTICATE (39)
  CMDs[12] = NL80211_CMD_DISASSOCIATE (40)
  CMDs[13] = NL80211_CMD_JOIN_IBSS (43)
  CMDs[14] = NL80211_CMD_JOIN_MESH (68)
  CMDs[15] = NL80211_CMD_REMAIN_ON_CHANNEL (55)
  CMDs[16] = NL80211_CMD_SET_TX_BITRATE_MASK (57)
  CMDs[17] = NL80211_CMD_FRAME / NL80211_CMD_ACTION (59)
  CMDs[18] = NL80211_CMD_FRAME_WAIT_CANCEL (67)
  CMDs[19] = NL80211_CMD_SET_WIPHY_NETNS (49)
  CMDs[20] = NL80211_CMD_SET_CHANNEL (65)
  CMDs[21] = NL80211_CMD_TDLS_MGMT (82)
  CMDs[22] = NL80211_CMD_TDLS_OPER (81)
  CMDs[23] = NL80211_CMD_PROBE_CLIENT (84)
  CMDs[24] = NL80211_CMD_SET_NOACK_MAP (87)
  CMDs[25] = NL80211_CMD_REGISTER_BEACONS (85)
  CMDs[26] = NL80211_CMD_START_P2P_DEVICE (89)
  CMDs[27] = NL80211_CMD_SET_MCAST_RATE (92)
  CMDs[28] = NL80211_CMD_CONNECT (46)
  CMDs[29] = NL80211_CMD_DISCONNECT (48)
NL80211_ATTR_SUPPORTED_IFTYPES (32):
  NL80211_IFTYPE_ADHOC (1)
  NL80211_IFTYPE_STATION (2)
  NL80211_IFTYPE_AP (3)
  NL80211_IFTYPE_AP_VLAN (4)
  NL80211_IFTYPE_MONITOR (6)
  NL80211_IFTYPE_MESH_POINT (7)
  NL80211_IFTYPE_P2P_CLIENT (8)
  NL80211_IFTYPE_P2P_GO (9)
  NL80211_IFTYPE_P2P_DEVICE (10)
  NL80211_IFTYPE_OCB (11)
NL80211_ATTR_INTERFACE_COMBINATIONS (120):
  Combination[1]: len = 96
  NL80211_IFACE_COMB_LIMITS (1): len = 76
    Limit[1]:
      NL80211_IFACE_LIMIT_MAX (1): 1
      NL80211_IFACE_LIMIT_TYPES (2):
        NL80211_IFTYPE_ADHOC (1)
    Limit[2]:
      NL80211_IFACE_LIMIT_MAX (1): 2048
      NL80211_IFACE_LIMIT_TYPES (2):
        NL80211_IFTYPE_STATION (2)
        NL80211_IFTYPE_AP (3)
        NL80211_IFTYPE_MESH_POINT (7)
        NL80211_IFTYPE_P2P_CLIENT (8)
        NL80211_IFTYPE_P2P_GO (9)
    Limit[3]:
      NL80211_IFACE_LIMIT_MAX (1): 1
      NL80211_IFACE_LIMIT_TYPES (2):
        NL80211_IFTYPE_P2P_DEVICE (10)
  NL80211_IFACE_COMB_MAXNUM (2): 2050
  NL80211_IFACE_COMB_NUM_CHANNELS (4): 1
NL80211_ATTR_WIPHY_BANDS (22):

picasso@picasso-VB:/media/genl/nl80211/GET_WIPHY$
picasso@picasso-VB:/media/genl/nl80211/GET_WIPHY$sudo kill -s SIGTERM $(pidof "tcpdump")
52 packets captured
69 packets received by filter
0 packets dropped by kernel
picasso@picasso-VB:/media/genl/nl80211/GET_WIPHY$
[1]+  已完成               sudo tcpdump -i nlmon0 -w GET_WIPHY.PCAPNG
picasso@picasso-VB:/media/genl/nl80211/GET_WIPHY$
